// Jest Snapshot v1, https://goo.gl/fbAQLP

exports[`<DisplayInformationScreen /> renders correctly 1`] = `
<View
  style={
    Object {
      "alignItems": "flex-start",
      "backgroundColor": "#fff",
      "flex": 1,
      "justifyContent": "center",
    }
  }
>
  <View
    style={
      Object {
        "alignSelf": "center",
      }
    }
  >
    <ActivityIndicator
      animating={true}
      color="#0000ff"
      hidesWhenStopped={true}
      size="large"
    />
  </View>
</View>
`;
