// Jest Snapshot v1, https://goo.gl/fbAQLP

exports[`<HelpScreen /> Renders correctly 1`] = `
<View>
  <RCTScrollView>
    <View>
      <View>
        <RCTScrollView>
          <View>
            <View>
              <View
                style={Object {}}
              >
                <View
                  accessible={true}
                  focusable={true}
                  isTVSelectable={true}
                  onClick={[Function]}
                  onResponderGrant={[Function]}
                  onResponderMove={[Function]}
                  onResponderRelease={[Function]}
                  onResponderTerminate={[Function]}
                  onResponderTerminationRequest={[Function]}
                  onStartShouldSetResponder={[Function]}
                  style={
                    Object {
                      "opacity": 1,
                    }
                  }
                >
                  <View
                    style={
                      Object {
                        "backgroundColor": "rgb(255,255,255)",
                        "borderColor": "rgb(0,0,0)",
                        "borderRadius": 10,
                        "borderWidth": 1,
                        "color": "rgba(0,0,0,1)",
                        "justifyContent": "center",
                        "margin": 5,
                        "marginTop": 6,
                        "padding": 10,
                      }
                    }
                  >
                    <Text
                      style={
                        Object {
                          "color": "rgba(0,0,0,1)",
                          "fontSize": 24,
                          "fontWeight": "500",
                          "textAlign": "left",
                        }
                      }
                    >
                      Bruk
                    </Text>
                    <Image
                      source={1}
                      style={
                        Object {
                          "height": 15,
                          "position": "absolute",
                          "right": 10,
                          "width": 15,
                        }
                      }
                    />
                  </View>
                </View>
                <View
                  pointerEvents="none"
                  style={
                    Object {
                      "height": 0,
                      "overflow": "hidden",
                    }
                  }
                >
                  <View
                    onLayout={[Function]}
                    style={Object {}}
                  >
                    <View
                      style={
                        Object {
                          "backgroundColor": "rgb(255,255,255)",
                          "borderColor": "rgb(0,0,0)",
                          "borderRadius": 10,
                          "borderWidth": 1,
                          "color": "rgba(0,0,0,1)",
                          "margin": 5,
                          "marginTop": 6,
                          "padding": 5,
                          "textAlign": "left",
                        }
                      }
                    >
                      <Text
                        style={
                          Object {
                            "color": "rgba(0,0,0,1)",
                            "margin": 5,
                            "padding": 5,
                            "textAlign": "left",
                          }
                        }
                      >
                        Ta bilde av et veiskilt fra kamerasiden og vent på at bildet skal gjenkjennes og kartet skal åpne seg. Velg så skiltet ditt fra markørene på kartet. Velger du feil skilt kan du trykke på tilbakeknappen og velge et annet.
                      </Text>
                    </View>
                  </View>
                </View>
              </View>
              <View
                style={Object {}}
              >
                <View
                  accessible={true}
                  focusable={true}
                  isTVSelectable={true}
                  onClick={[Function]}
                  onResponderGrant={[Function]}
                  onResponderMove={[Function]}
                  onResponderRelease={[Function]}
                  onResponderTerminate={[Function]}
                  onResponderTerminationRequest={[Function]}
                  onStartShouldSetResponder={[Function]}
                  style={
                    Object {
                      "opacity": 1,
                    }
                  }
                >
                  <View
                    style={
                      Object {
                        "backgroundColor": "rgb(255,255,255)",
                        "borderColor": "rgb(0,0,0)",
                        "borderRadius": 10,
                        "borderWidth": 1,
                        "color": "rgba(0,0,0,1)",
                        "justifyContent": "center",
                        "margin": 5,
                        "marginTop": 6,
                        "padding": 10,
                      }
                    }
                  >
                    <Text
                      style={
                        Object {
                          "color": "rgba(0,0,0,1)",
                          "fontSize": 24,
                          "fontWeight": "500",
                          "textAlign": "left",
                        }
                      }
                    >
                      Skiltet mitt er ikke på kartet
                    </Text>
                    <Image
                      source={1}
                      style={
                        Object {
                          "height": 15,
                          "position": "absolute",
                          "right": 10,
                          "width": 15,
                        }
                      }
                    />
                  </View>
                </View>
                <View
                  pointerEvents="none"
                  style={
                    Object {
                      "height": 0,
                      "overflow": "hidden",
                    }
                  }
                >
                  <View
                    onLayout={[Function]}
                    style={Object {}}
                  >
                    <View
                      style={
                        Object {
                          "backgroundColor": "rgb(255,255,255)",
                          "borderColor": "rgb(0,0,0)",
                          "borderRadius": 10,
                          "borderWidth": 1,
                          "color": "rgba(0,0,0,1)",
                          "margin": 5,
                          "marginTop": 6,
                          "padding": 5,
                          "textAlign": "left",
                        }
                      }
                    >
                      <Text
                        style={
                          Object {
                            "color": "rgba(0,0,0,1)",
                            "margin": 5,
                            "padding": 5,
                            "textAlign": "left",
                          }
                        }
                      >
                        Vennligst prøv å ta et nytt bilde i tilfelle vi har gjort en feil i gjenkjenning av bildet
                      </Text>
                    </View>
                  </View>
                </View>
              </View>
              <View
                style={Object {}}
              >
                <View
                  accessible={true}
                  focusable={true}
                  isTVSelectable={true}
                  onClick={[Function]}
                  onResponderGrant={[Function]}
                  onResponderMove={[Function]}
                  onResponderRelease={[Function]}
                  onResponderTerminate={[Function]}
                  onResponderTerminationRequest={[Function]}
                  onStartShouldSetResponder={[Function]}
                  style={
                    Object {
                      "opacity": 1,
                    }
                  }
                >
                  <View
                    style={
                      Object {
                        "backgroundColor": "rgb(255,255,255)",
                        "borderColor": "rgb(0,0,0)",
                        "borderRadius": 10,
                        "borderWidth": 1,
                        "color": "rgba(0,0,0,1)",
                        "justifyContent": "center",
                        "margin": 5,
                        "marginTop": 6,
                        "padding": 10,
                      }
                    }
                  >
                    <Text
                      style={
                        Object {
                          "color": "rgba(0,0,0,1)",
                          "fontSize": 24,
                          "fontWeight": "500",
                          "textAlign": "left",
                        }
                      }
                    >
                      Sikkerhet
                    </Text>
                    <Image
                      source={1}
                      style={
                        Object {
                          "height": 15,
                          "position": "absolute",
                          "right": 10,
                          "width": 15,
                        }
                      }
                    />
                  </View>
                </View>
                <View
                  pointerEvents="none"
                  style={
                    Object {
                      "height": 0,
                      "overflow": "hidden",
                    }
                  }
                >
                  <View
                    onLayout={[Function]}
                    style={Object {}}
                  >
                    <View
                      style={
                        Object {
                          "backgroundColor": "rgb(255,255,255)",
                          "borderColor": "rgb(0,0,0)",
                          "borderRadius": 10,
                          "borderWidth": 1,
                          "color": "rgba(0,0,0,1)",
                          "margin": 5,
                          "marginTop": 6,
                          "padding": 5,
                          "textAlign": "left",
                        }
                      }
                    >
                      <Text
                        style={
                          Object {
                            "color": "rgba(0,0,0,1)",
                            "margin": 5,
                            "padding": 5,
                            "textAlign": "left",
                          }
                        }
                      >
                        Applikasjonen lagrer ingen data fra brukerne. Bilder som tas i applikasjonen og posisjonen til brukeren brukes kun til å finne riktig skilt
                      </Text>
                    </View>
                  </View>
                </View>
              </View>
              <View
                style={Object {}}
              >
                <View
                  accessible={true}
                  focusable={true}
                  isTVSelectable={true}
                  onClick={[Function]}
                  onResponderGrant={[Function]}
                  onResponderMove={[Function]}
                  onResponderRelease={[Function]}
                  onResponderTerminate={[Function]}
                  onResponderTerminationRequest={[Function]}
                  onStartShouldSetResponder={[Function]}
                  style={
                    Object {
                      "opacity": 1,
                    }
                  }
                >
                  <View
                    style={
                      Object {
                        "backgroundColor": "rgb(255,255,255)",
                        "borderColor": "rgb(0,0,0)",
                        "borderRadius": 10,
                        "borderWidth": 1,
                        "color": "rgba(0,0,0,1)",
                        "justifyContent": "center",
                        "margin": 5,
                        "marginTop": 6,
                        "padding": 10,
                      }
                    }
                  >
                    <Text
                      style={
                        Object {
                          "color": "rgba(0,0,0,1)",
                          "fontSize": 24,
                          "fontWeight": "500",
                          "textAlign": "left",
                        }
                      }
                    >
                      Info og Opphavsrett
                    </Text>
                    <Image
                      source={1}
                      style={
                        Object {
                          "height": 15,
                          "position": "absolute",
                          "right": 10,
                          "width": 15,
                        }
                      }
                    />
                  </View>
                </View>
                <View
                  pointerEvents="none"
                  style={
                    Object {
                      "height": 0,
                      "overflow": "hidden",
                    }
                  }
                >
                  <View
                    onLayout={[Function]}
                    style={Object {}}
                  >
                    <View
                      style={
                        Object {
                          "backgroundColor": "rgb(255,255,255)",
                          "borderColor": "rgb(0,0,0)",
                          "borderRadius": 10,
                          "borderWidth": 1,
                          "color": "rgba(0,0,0,1)",
                          "margin": 5,
                          "marginTop": 6,
                          "padding": 5,
                          "textAlign": "left",
                        }
                      }
                    >
                      <Text
                        style={
                          Object {
                            "color": "rgba(0,0,0,1)",
                            "margin": 5,
                            "padding": 5,
                            "textAlign": "left",
                          }
                        }
                      >
                        Applikasjonen er utviklet av Patrick Thorkildsen og Quan Tran i samarbeid med Triona AS som del av bacheloroppgaven på dataingeniørstudiet ved NTNU i 2020
                      </Text>
                    </View>
                  </View>
                </View>
              </View>
            </View>
          </View>
        </RCTScrollView>
      </View>
    </View>
  </RCTScrollView>
</View>
`;
