// Jest Snapshot v1, https://goo.gl/fbAQLP

exports[`<ItemInfo /> Renders correctly 1`] = `
<View>
  <View
    style={
      Object {
        "borderColor": "black",
        "marginLeft": 10,
        "marginRight": 10,
        "padding": 10,
      }
    }
  >
    <View />
    <RNGestureHandlerButton
      collapsable={false}
      onGestureEvent={[Function]}
      onGestureHandlerEvent={[Function]}
      onGestureHandlerStateChange={[Function]}
      onHandlerStateChange={[Function]}
      rippleColor={0}
      style={
        Array [
          Object {
            "overflow": "hidden",
          },
          undefined,
        ]
      }
    >
      <View
        accessible={true}
        style={
          Object {
            "opacity": 1,
          }
        }
      >
        <View>
          <Text
            style={
              Object {
                "fontSize": 18,
              }
            }
          />
          <Text />
        </View>
      </View>
    </RNGestureHandlerButton>
  </View>
  <View
    style={
      Object {
        "borderBottomColor": "#a38e8c",
        "borderBottomWidth": 0.8,
        "marginLeft": 18,
        "marginRight": 18,
      }
    }
  />
</View>
`;
